**********************
Windows PowerShell transcript start
Start time: 20260528203418
Username: LAPTOP-B3614MU4\xxc
RunAs User: LAPTOP-B3614MU4\xxc
Configuration Name: 
Machine: LAPTOP-B3614MU4 (Microsoft Windows NT 10.0.26200.0)
Host Application: C:\WINDOWS\System32\WindowsPowerShell\v1.0\powershell.exe -NoProfile -ExecutionPolicy Bypass -File D:\CodeMater\DCASE\C-Pretrain+score\baseline_beats+gmm-reach-change\restore_app_control_defender.ps1
Process ID: 8564
PSVersion: 5.1.26100.8457
PSEdition: Desktop
PSCompatibleVersions: 1.0, 2.0, 3.0, 4.0, 5.0, 5.1.26100.8457
BuildVersion: 10.0.26100.8457
CLRVersion: 4.0.30319.42000
WSManStackVersion: 3.0
PSRemotingProtocolVersion: 2.3
SerializationVersion: 1.1.0.1
**********************
Administrator: True
=== Current App Control policies before ===

=== Remove suspicious App Control policy with CiTool ===


=== Quarantine single-policy WDAC file from OS volume ===
Not present: C:\WINDOWS\System32\CodeIntegrity\SiPolicy.p7b
=== Quarantine matching multiple-policy WDAC file from OS volume, if present ===
Not present: C:\WINDOWS\System32\CodeIntegrity\CiPolicies\Active\{a244370e-44c9-4c06-b551-f6016e563076}.cip
=== Check EFI System Partition for App Control policy files ===
Mounting EFI System Partition at Z:

Not present: Z:\EFI\Microsoft\Boot\SiPolicy.p7b
Not present: Z:\EFI\Microsoft\Boot\CiPolicies\Active\{a244370e-44c9-4c06-b551-f6016e563076}.cip
EFI App Control files after quarantine:

FullName                              Length CreationTime        LastWriteTime
--------                              ------ ------------        -------------
Z:\EFI\Microsoft\Boot\CIPolicies             2024/10/20 23:41:01 2024/10/20 23:41:02
Z:\EFI\Microsoft\Boot\winsipolicy.p7b 10341  2021/10/6 4:55:00   2024/4/1 15:22:46


Unmounting EFI System Partition from Z:

=== Remove malicious local policy artifacts ===
Renaming C:\ProgramData\ntuser.pol -> ntuser.pol.quarantine_20260528_203418
Backing up local machine Group Policy registry file: C:\Windows\System32\GroupPolicy\Machine\Registry.pol
=== Remove Defender disable flags where permissions allow ===
Setting HKLM:\SOFTWARE\Microsoft\Windows Defender :: DisableAntiSpyware = 0
PS>TerminatingError(Set-ItemProperty): "The running command stopped because the preference variable "ErrorActionPreference" or common parameter is set to Stop: Requested registry access is not allowed."
Could not set DisableAntiSpyware directly: Requested registry access is not allowed.
Setting HKLM:\SOFTWARE\Microsoft\Windows Defender :: DisableAntiVirus = 0
PS>TerminatingError(Set-ItemProperty): "The running command stopped because the preference variable "ErrorActionPreference" or common parameter is set to Stop: Requested registry access is not allowed."
Could not set DisableAntiVirus directly: Requested registry access is not allowed.
=== Try to start Defender services ===
Starting service WinDefend
Starting service WdNisSvc
PS>TerminatingError(Start-Service): "The running command stopped because the preference variable "ErrorActionPreference" or common parameter is set to Stop: Failed to start service 'Microsoft Defender 防病毒网络检查服务 (WdNisSvc)'."
Could not start WdNisSvc now: Failed to start service 'Microsoft Defender 防病毒网络检查服务 (WdNisSvc)'.
Starting service SecurityHealthService
Starting service wscsvc
=== Current App Control policies after ===

=== Defender/service status after ===

Name                   Status StartType
----                   ------ ---------
SecurityHealthService Running    Manual
WdNisSvc              Stopped    Manual
WinDefend             Running    Manual
wscsvc                Running Automatic




AMServiceEnabled              : False
AntivirusEnabled              : False
RealTimeProtectionEnabled     : False
IoavProtectionEnabled         : False
AntispywareEnabled            : False
NISEnabled                    : False
AMServiceVersion              : 0.0.0.0
AntivirusSignatureLastUpdated :



A reboot is recommended now so Windows unloads the removed App Control policy.
Log written to: D:\CodeMater\DCASE\C-Pretrain+score\baseline_beats+gmm-reach-change\restore_app_control_defender_20260528_203418.log
**********************
Windows PowerShell transcript end
End time: 20260528203423
**********************
